// Jest Snapshot v1, https://goo.gl/fbAQLP

exports[`o retorno do telefonema ocupado: Error: Infelizmente n√£o podemos atender... 1`] = `"received is not a function"`;
